// Jest Snapshot v1, https://goo.gl/fbAQLP

exports[`ApiErrorFallback Component snapshot test 1`] = `
<div>
  <div
    class="bg-red-50 border border-red-200 rounded-lg p-6 mb-8 text-center"
  >
    <div
      class="bg-red-100 inline-flex items-center justify-center w-12 h-12 rounded-full mb-4"
    >
      <svg
        class="lucide lucide-file-text h-6 w-6 text-red-500"
        fill="none"
        height="24"
        stroke="currentColor"
        stroke-linecap="round"
        stroke-linejoin="round"
        stroke-width="2"
        viewBox="0 0 24 24"
        width="24"
        xmlns="http://www.w3.org/2000/svg"
      >
        <path
          d="M15 2H6a2 2 0 0 0-2 2v16a2 2 0 0 0 2 2h12a2 2 0 0 0 2-2V7Z"
        />
        <path
          d="M14 2v4a2 2 0 0 0 2 2h4"
        />
        <path
          d="M10 9H8"
        />
        <path
          d="M16 13H8"
        />
        <path
          d="M16 17H8"
        />
      </svg>
    </div>
    <h3
      class="text-lg font-medium text-gray-900 mb-2"
    >
      Test error message
    </h3>
    <p
      class="text-gray-600 mb-4"
    >
      We're experiencing some technical difficulties. Please try again later.
    </p>
    <button
      class="inline-flex items-center px-4 py-2 border border-transparent rounded-md shadow-sm text-sm font-medium text-white bg-blue-600 hover:bg-blue-700 focus:outline-none focus:ring-2 focus:ring-offset-2 focus:ring-blue-500"
    >
      <svg
        class="lucide lucide-refresh-cw h-4 w-4 mr-2"
        fill="none"
        height="24"
        stroke="currentColor"
        stroke-linecap="round"
        stroke-linejoin="round"
        stroke-width="2"
        viewBox="0 0 24 24"
        width="24"
        xmlns="http://www.w3.org/2000/svg"
      >
        <path
          d="M3 12a9 9 0 0 1 9-9 9.75 9.75 0 0 1 6.74 2.74L21 8"
        />
        <path
          d="M21 3v5h-5"
        />
        <path
          d="M21 12a9 9 0 0 1-9 9 9.75 9.75 0 0 1-6.74-2.74L3 16"
        />
        <path
          d="M8 16H3v5"
        />
      </svg>
      Retry Connection
    </button>
  </div>
</div>
`;
